============================= test session starts =============================
collected 19 items

tests\test_delivery.py ......                                            [ 31%]
tests\test_moderation.py .............                                   [100%]

============================== warnings summary ===============================
.venv\Lib\site-packages\vaderSentiment\vaderSentiment.py:201
  D:\projects\design summ\designs\uplift\.venv\Lib\site-packages\vaderSentiment\vaderSentiment.py:201: DeprecationWarning: codecs.open() is deprecated. Use open() instead.
    with codecs.open(lexicon_full_filepath, encoding='utf-8') as f:

.venv\Lib\site-packages\vaderSentiment\vaderSentiment.py:206
  D:\projects\design summ\designs\uplift\.venv\Lib\site-packages\vaderSentiment\vaderSentiment.py:206: DeprecationWarning: codecs.open() is deprecated. Use open() instead.
    with codecs.open(emoji_full_filepath, encoding='utf-8') as f:

tests/test_delivery.py::TestDelivery::test_empty_pool_returns_none
  D:\projects\design summ\designs\uplift\.venv\Lib\site-packages\pytest_asyncio\plugin.py:1216: DeprecationWarning: 'asyncio.get_event_loop_policy' is deprecated and slated for removal in Python 3.16
    return asyncio.get_event_loop_policy()

tests/test_delivery.py::TestDelivery::test_empty_pool_returns_none
tests/test_delivery.py::TestDelivery::test_assigns_available_message
tests/test_delivery.py::TestDelivery::test_same_day_idempotent
tests/test_delivery.py::TestDelivery::test_no_self_delivery
tests/test_delivery.py::TestDelivery::test_delivery_row_created
tests/test_delivery.py::TestDelivery::test_pending_message_not_delivered
  D:\projects\design summ\designs\uplift\.venv\Lib\site-packages\pytest_asyncio\plugin.py:874: DeprecationWarning: 'asyncio.get_event_loop_policy' is deprecated and slated for removal in Python 3.16
    _restore_event_loop_policy(asyncio.get_event_loop_policy()),

tests/test_delivery.py::TestDelivery::test_empty_pool_returns_none
tests/test_delivery.py::TestDelivery::test_assigns_available_message
tests/test_delivery.py::TestDelivery::test_same_day_idempotent
tests/test_delivery.py::TestDelivery::test_no_self_delivery
tests/test_delivery.py::TestDelivery::test_delivery_row_created
tests/test_delivery.py::TestDelivery::test_pending_message_not_delivered
  D:\projects\design summ\designs\uplift\.venv\Lib\site-packages\pytest_asyncio\plugin.py:772: DeprecationWarning: 'asyncio.get_event_loop_policy' is deprecated and slated for removal in Python 3.16
    old_loop_policy = asyncio.get_event_loop_policy()

tests/test_delivery.py::TestDelivery::test_empty_pool_returns_none
tests/test_delivery.py::TestDelivery::test_assigns_available_message
tests/test_delivery.py::TestDelivery::test_same_day_idempotent
tests/test_delivery.py::TestDelivery::test_no_self_delivery
tests/test_delivery.py::TestDelivery::test_delivery_row_created
tests/test_delivery.py::TestDelivery::test_pending_message_not_delivered
  D:\projects\design summ\designs\uplift\.venv\Lib\site-packages\pytest_asyncio\plugin.py:777: DeprecationWarning: 'asyncio.set_event_loop_policy' is deprecated and slated for removal in Python 3.16
    asyncio.set_event_loop_policy(policy)

tests/test_delivery.py::TestDelivery::test_empty_pool_returns_none
tests/test_delivery.py::TestDelivery::test_assigns_available_message
tests/test_delivery.py::TestDelivery::test_same_day_idempotent
tests/test_delivery.py::TestDelivery::test_no_self_delivery
tests/test_delivery.py::TestDelivery::test_delivery_row_created
tests/test_delivery.py::TestDelivery::test_pending_message_not_delivered
  D:\projects\design summ\designs\uplift\.venv\Lib\site-packages\pytest_asyncio\plugin.py:1183: DeprecationWarning: 'asyncio.get_event_loop_policy' is deprecated and slated for removal in Python 3.16
    loop = asyncio.get_event_loop_policy().new_event_loop()

tests/test_delivery.py::TestDelivery::test_empty_pool_returns_none
tests/test_delivery.py::TestDelivery::test_assigns_available_message
tests/test_delivery.py::TestDelivery::test_same_day_idempotent
tests/test_delivery.py::TestDelivery::test_no_self_delivery
tests/test_delivery.py::TestDelivery::test_delivery_row_created
tests/test_delivery.py::TestDelivery::test_pending_message_not_delivered
  D:\projects\design summ\designs\uplift\.venv\Lib\site-packages\pytest_asyncio\plugin.py:889: DeprecationWarning: 'asyncio.get_event_loop_policy' is deprecated and slated for removal in Python 3.16
    policy = asyncio.get_event_loop_policy()

tests/test_delivery.py::TestDelivery::test_empty_pool_returns_none
tests/test_delivery.py::TestDelivery::test_assigns_available_message
tests/test_delivery.py::TestDelivery::test_same_day_idempotent
tests/test_delivery.py::TestDelivery::test_no_self_delivery
tests/test_delivery.py::TestDelivery::test_delivery_row_created
tests/test_delivery.py::TestDelivery::test_pending_message_not_delivered
  D:\projects\design summ\designs\uplift\.venv\Lib\site-packages\pytest_asyncio\plugin.py:794: DeprecationWarning: 'asyncio.set_event_loop_policy' is deprecated and slated for removal in Python 3.16
    asyncio.set_event_loop_policy(old_loop_policy)

tests/test_delivery.py::TestDelivery::test_empty_pool_returns_none
tests/test_delivery.py::TestDelivery::test_assigns_available_message
tests/test_delivery.py::TestDelivery::test_same_day_idempotent
tests/test_delivery.py::TestDelivery::test_no_self_delivery
tests/test_delivery.py::TestDelivery::test_delivery_row_created
tests/test_delivery.py::TestDelivery::test_pending_message_not_delivered
  D:\projects\design summ\designs\uplift\.venv\Lib\site-packages\pytest_asyncio\plugin.py:942: DeprecationWarning: 'asyncio.get_event_loop_policy' is deprecated and slated for removal in Python 3.16
    policy = asyncio.get_event_loop_policy()

tests/test_delivery.py::TestDelivery::test_empty_pool_returns_none
tests/test_delivery.py::TestDelivery::test_assigns_available_message
tests/test_delivery.py::TestDelivery::test_same_day_idempotent
tests/test_delivery.py::TestDelivery::test_no_self_delivery
tests/test_delivery.py::TestDelivery::test_delivery_row_created
tests/test_delivery.py::TestDelivery::test_pending_message_not_delivered
  D:\projects\design summ\designs\uplift\.venv\Lib\site-packages\pytest_asyncio\plugin.py:966: DeprecationWarning: 'asyncio.set_event_loop_policy' is deprecated and slated for removal in Python 3.16
    asyncio.set_event_loop_policy(previous_policy)

tests/test_delivery.py::TestDelivery::test_empty_pool_returns_none
tests/test_delivery.py::TestDelivery::test_assigns_available_message
tests/test_delivery.py::TestDelivery::test_same_day_idempotent
tests/test_delivery.py::TestDelivery::test_no_self_delivery
tests/test_delivery.py::TestDelivery::test_delivery_row_created
tests/test_delivery.py::TestDelivery::test_pending_message_not_delivered
  D:\projects\design summ\designs\uplift\.venv\Lib\site-packages\pytest_asyncio\plugin.py:978: DeprecationWarning: 'asyncio.get_event_loop_policy' is deprecated and slated for removal in Python 3.16
    policy = asyncio.get_event_loop_policy()

-- Docs: https://docs.pytest.org/en/stable/how-to/capture-warnings.html
======================= 19 passed, 57 warnings in 0.47s =======================
